
> codebase-knowledge-frontend@1.0.0 dev
> vite --host 127.0.0.1 --port 5173


  VITE v6.4.3  ready in 1868 ms

  ➜  Local:   http://127.0.0.1:5173/
  ➜  press h + enter to show help
16:18:57 [vite] (client) hmr update /src/views/AskView.vue, /src/views/RepositoriesM0View.vue, /src/views/ChunksM0View.vue, /src/components/WorkspaceShell.vue, /src/views/UnifiedIndexJobsView.vue, /src/views/GraphView.vue, /src/views/KnowledgeView.vue, /src/views/ProjectOverviewView.vue, /src/features/indexing/CurrentVectorIndexPanel.vue, /src/features/knowledge/KnowledgeCodeReferenceSelector.vue, /src/features/overview/AgentContextPackPanel.vue, /src/features/overview/ProjectArchitectureMap.vue, /src/features/repositories/RepositoryPreparationDrawer.vue
16:22:56 [vite] (client) hmr update /src/features/overview/ProjectArchitectureMap.vue, /src/features/overview/ProjectArchitectureMap.vue?vue&type=style&index=0&scoped=055eadb0&lang.css
16:41:03 [vite] (client) hmr update /src/features/overview/ProjectArchitectureMap.vue
16:42:39 [vite] (client) hmr update /src/features/overview/ProjectArchitectureMap.vue
16:43:33 [vite] (client) hmr update /src/features/overview/ProjectArchitectureMap.vue
16:44:23 [vite] (client) hmr update /src/features/overview/ProjectArchitectureMap.vue
16:45:23 [vite] (client) hmr update /src/features/overview/ProjectArchitectureMap.vue
16:46:22 [vite] (client) hmr update /src/features/overview/ProjectArchitectureMap.vue
16:47:04 [vite] (client) hmr update /src/features/overview/ProjectArchitectureMap.vue
16:48:34 [vite] (client) hmr update /src/features/overview/ProjectArchitectureMap.vue, /src/features/overview/ProjectArchitectureMap.vue?vue&type=style&index=0&scoped=055eadb0&lang.css
16:49:41 [vite] (client) hmr update /src/views/ProjectOverviewView.vue
16:50:22 [vite] (client) hmr update /src/features/overview/ProjectArchitectureMap.vue, /src/features/overview/ProjectArchitectureMap.vue?vue&type=style&index=0&scoped=055eadb0&lang.css
16:52:24 [vite] (client) hmr update /src/features/overview/ProjectArchitectureMap.vue
17:07:14 [vite] (client) hmr update /src/views/AskView.vue, /src/views/RepositoriesM0View.vue, /src/views/ChunksM0View.vue, /src/components/WorkspaceShell.vue, /src/views/UnifiedIndexJobsView.vue, /src/views/GraphView.vue, /src/views/KnowledgeView.vue, /src/views/ProjectOverviewView.vue, /src/features/indexing/CurrentVectorIndexPanel.vue, /src/features/knowledge/KnowledgeCodeReferenceSelector.vue, /src/features/overview/AgentContextPackPanel.vue, /src/features/overview/ProjectArchitectureMap.vue, /src/features/repositories/RepositoryPreparationDrawer.vue, /src/features/overview/ArchitectureSelectionPanel.vue
17:08:03 [vite] (client) hmr update /src/views/AskView.vue, /src/views/RepositoriesM0View.vue, /src/views/ChunksM0View.vue, /src/components/WorkspaceShell.vue, /src/views/UnifiedIndexJobsView.vue, /src/views/GraphView.vue, /src/views/KnowledgeView.vue, /src/views/ProjectOverviewView.vue, /src/features/indexing/CurrentVectorIndexPanel.vue, /src/features/knowledge/KnowledgeCodeReferenceSelector.vue, /src/features/overview/AgentContextPackPanel.vue, /src/features/overview/ProjectArchitectureMap.vue, /src/features/repositories/RepositoryPreparationDrawer.vue, /src/features/overview/ArchitectureSelectionPanel.vue
17:10:16 [vite] (client) hmr update /src/features/overview/ArchitectureSelectionPanel.vue
17:10:47 [vite] (client) hmr update /src/features/overview/ArchitectureSelectionPanel.vue
17:11:45 [vite] (client) hmr update /src/features/overview/ArchitectureSelectionPanel.vue, /src/features/overview/ArchitectureSelectionPanel.vue?vue&type=style&index=0&scoped=98655ca1&lang.css
17:12:04 [vite] (client) hmr update /src/features/overview/ProjectArchitectureMap.vue
17:12:47 [vite] (client) hmr update /src/views/ProjectOverviewView.vue
17:13:40 [vite] (client) hmr update /src/views/ProjectOverviewView.vue
17:14:18 [vite] (client) hmr update /src/views/ProjectOverviewView.vue
17:14:49 [vite] (client) hmr update /src/views/ProjectOverviewView.vue
17:15:31 [vite] (client) hmr update /src/views/ProjectOverviewView.vue
17:16:29 [vite] (client) hmr update /src/features/overview/ModuleSymbolDrawer.vue
17:16:29 [vite] (client) hmr update /src/views/ProjectOverviewView.vue
