[INFO] Scanning for projects...
[INFO] 
[INFO] ------------< com.analyzercoder:codebase-knowledge-backend >------------
[INFO] Building codebase-knowledge-backend 0.1.0-SNAPSHOT
[INFO]   from pom.xml
[INFO] --------------------------------[ jar ]---------------------------------
[INFO] 
[INFO] >>> spring-boot:3.5.16:run (default-cli) > test-compile @ codebase-knowledge-backend >>>
[INFO] 
[INFO] --- resources:3.3.1:resources (default-resources) @ codebase-knowledge-backend ---
[INFO] Copying 1 resource from src\main\resources to target\classes
[INFO] Copying 30 resources from src\main\resources to target\classes
[INFO] 
[INFO] --- compiler:3.14.1:compile (default-compile) @ codebase-knowledge-backend ---
[INFO] Nothing to compile - all classes are up to date.
[INFO] 
[INFO] --- resources:3.3.1:testResources (default-testResources) @ codebase-knowledge-backend ---
[INFO] skip non existing resourceDirectory C:\Users\admin\Desktop\analyzer-coder\backend\src\test\resources
[INFO] 
[INFO] --- compiler:3.14.1:testCompile (default-testCompile) @ codebase-knowledge-backend ---
[INFO] Nothing to compile - all classes are up to date.
[INFO] 
[INFO] <<< spring-boot:3.5.16:run (default-cli) < test-compile @ codebase-knowledge-backend <<<
[INFO] 
[INFO] 
[INFO] --- spring-boot:3.5.16:run (default-cli) @ codebase-knowledge-backend ---
[INFO] Attaching agents: []

  .   ____          _            __ _ _
 /\\ / ___'_ __ _ _(_)_ __  __ _ \ \ \ \
( ( )\___ | '_ | '_| | '_ \/ _` | \ \ \ \
 \\/  ___)| |_)| | | | | || (_| |  ) ) ) )
  '  |____| .__|_| |_|_| |_\__, | / / / /
 =========|_|==============|___/=/_/_/_/

 :: Spring Boot ::               (v3.5.16)

2026-07-24T09:25:00.708+08:00  INFO 7360 --- [codebase-knowledge-backend] [           main] c.a.CodebaseKnowledgeApplication         : Starting CodebaseKnowledgeApplication using Java 17.0.12 with PID 7360 (C:\Users\admin\Desktop\analyzer-coder\backend\target\classes started by admin in C:\Users\admin\Desktop\analyzer-coder\backend)
2026-07-24T09:25:00.717+08:00  INFO 7360 --- [codebase-knowledge-backend] [           main] c.a.CodebaseKnowledgeApplication         : No active profile set, falling back to 1 default profile: "default"
2026-07-24T09:25:11.260+08:00  INFO 7360 --- [codebase-knowledge-backend] [           main] o.s.b.w.embedded.tomcat.TomcatWebServer  : Tomcat initialized with port 8080 (http)
2026-07-24T09:25:11.361+08:00  INFO 7360 --- [codebase-knowledge-backend] [           main] o.apache.catalina.core.StandardService   : Starting service [Tomcat]
2026-07-24T09:25:11.363+08:00  INFO 7360 --- [codebase-knowledge-backend] [           main] o.apache.catalina.core.StandardEngine    : Starting Servlet engine: [Apache Tomcat/10.1.55]
2026-07-24T09:25:11.822+08:00  INFO 7360 --- [codebase-knowledge-backend] [           main] o.a.c.c.C.[Tomcat].[localhost].[/]       : Initializing Spring embedded WebApplicationContext
2026-07-24T09:25:11.827+08:00  INFO 7360 --- [codebase-knowledge-backend] [           main] w.s.c.ServletWebServerApplicationContext : Root WebApplicationContext: initialization completed in 10820 ms
2026-07-24T09:25:13.737+08:00  INFO 7360 --- [codebase-knowledge-backend] [           main] com.zaxxer.hikari.HikariDataSource       : HikariPool-1 - Starting...
2026-07-24T09:25:14.263+08:00  INFO 7360 --- [codebase-knowledge-backend] [           main] com.zaxxer.hikari.pool.HikariPool        : HikariPool-1 - Added connection org.postgresql.jdbc.PgConnection@3bd08435
2026-07-24T09:25:14.267+08:00  INFO 7360 --- [codebase-knowledge-backend] [           main] com.zaxxer.hikari.HikariDataSource       : HikariPool-1 - Start completed.
2026-07-24T09:25:14.380+08:00  INFO 7360 --- [codebase-knowledge-backend] [           main] org.flywaydb.core.FlywayExecutor         : Database: jdbc:postgresql://localhost:5432/codebase_kb (PostgreSQL 17.10)
2026-07-24T09:25:14.888+08:00  INFO 7360 --- [codebase-knowledge-backend] [           main] o.f.core.internal.command.DbValidate     : Successfully validated 18 migrations (execution time 00:00.256s)
2026-07-24T09:25:14.956+08:00  INFO 7360 --- [codebase-knowledge-backend] [           main] o.f.core.internal.command.DbMigrate      : Current version of schema "public": 18
2026-07-24T09:25:14.967+08:00  INFO 7360 --- [codebase-knowledge-backend] [           main] o.f.core.internal.command.DbMigrate      : Schema "public" is up to date. No migration necessary.
2026-07-24T09:25:19.438+08:00  INFO 7360 --- [codebase-knowledge-backend] [           main] o.s.b.a.e.web.EndpointLinksResolver      : Exposing 3 endpoints beneath base path '/actuator'
2026-07-24T09:25:19.701+08:00  INFO 7360 --- [codebase-knowledge-backend] [           main] o.s.b.w.embedded.tomcat.TomcatWebServer  : Tomcat started on port 8080 (http) with context path '/'
2026-07-24T09:25:19.760+08:00  INFO 7360 --- [codebase-knowledge-backend] [           main] c.a.CodebaseKnowledgeApplication         : Started CodebaseKnowledgeApplication in 21.78 seconds (process running for 23.698)
2026-07-24T09:25:19.977+08:00  INFO 7360 --- [codebase-knowledge-backend] [nio-8080-exec-1] o.a.c.c.C.[Tomcat].[localhost].[/]       : Initializing Spring DispatcherServlet 'dispatcherServlet'
2026-07-24T09:25:19.979+08:00  INFO 7360 --- [codebase-knowledge-backend] [nio-8080-exec-1] o.s.web.servlet.DispatcherServlet        : Initializing Servlet 'dispatcherServlet'
2026-07-24T09:25:19.983+08:00  INFO 7360 --- [codebase-knowledge-backend] [nio-8080-exec-1] o.s.web.servlet.DispatcherServlet        : Completed initialization in 3 ms
