
> codebase-knowledge-frontend@0.1.0 dev
> vite --host 127.0.0.1 --port 5173


  [32m[1mVITE[22m v6.4.3[39m  [2mready in [0m[1m10823[22m[2m[0m ms[22m

  [32m➜[39m  [1mLocal[22m:   [36mhttp://127.0.0.1:[1m5173[22m/[39m
[2m[32m  ➜[39m[22m[2m  press [22m[1mh + enter[22m[2m to show help[22m
[2m09:23:35[22m [36m[1m[vite][22m[39m [90m[2m(client)[22m[39m [32m✨ new dependencies optimized: [33melement-plus/es/locale/lang/zh-cn[32m[39m
[2m09:23:35[22m [36m[1m[vite][22m[39m [90m[2m(client)[22m[39m [32m✨ optimized dependencies changed. reloading[39m
[2m09:53:40[22m [36m[1m[vite][22m[39m [90m[2m(client)[22m[39m [32mhmr update [39m[2m/src/views/GraphView.vue[22m
[2m12:45:57[22m [36m[1m[vite][22m[39m [90m[2m(client)[22m[39m [32mhmr update [39m[2m/src/views/GraphView.vue, /src/views/AskView.vue, /src/views/KnowledgeView.vue, /src/views/RepositoriesM0View.vue, /src/views/SystemSettingsView.vue, /src/features/knowledge/KnowledgeCardEditorDialog.vue, /src/features/knowledge/KnowledgeCardDetailDialog.vue, /src/features/knowledge/KnowledgeCardListItem.vue, /src/features/graph/CallGraphCanvas.vue[22m
[2m12:50:45[22m [36m[1m[vite][22m[39m [90m[2m(client)[22m[39m [32mhmr update [39m[2m/src/features/knowledge/KnowledgeCardEditorDialog.vue[22m
[2m12:51:48[22m [36m[1m[vite][22m[39m [90m[2m(client)[22m[39m [32mhmr update [39m[2m/src/features/knowledge/KnowledgeCardDetailDialog.vue[22m
[2m12:52:21[22m [36m[1m[vite][22m[39m [90m[2m(client)[22m[39m [32mhmr update [39m[2m/src/features/knowledge/KnowledgeCardDetailDialog.vue?vue&type=style&index=0&scoped=542c53e6&lang.css[22m
[2m12:52:50[22m [36m[1m[vite][22m[39m [90m[2m(client)[22m[39m [32mhmr update [39m[2m/src/views/KnowledgeView.vue[22m
[2m12:54:49[22m [36m[1m[vite][22m[39m [90m[2m(client)[22m[39m [32mhmr update [39m[2m/src/views/AskView.vue[22m
[2m12:56:12[22m [36m[1m[vite][22m[39m [90m[2m(client)[22m[39m [32mhmr update [39m[2m/src/views/ChunksM0View.vue, /src/views/ChunksM0View.vue?vue&type=style&index=0&scoped=7be43fd7&lang.css[22m
[2m12:56:56[22m [36m[1m[vite][22m[39m [90m[2m(client)[22m[39m [32mhmr update [39m[2m/src/views/GraphView.vue[22m
[2m12:57:48[22m [36m[1m[vite][22m[39m [90m[2m(client)[22m[39m [32mhmr update [39m[2m/src/views/KnowledgeView.vue[22m
[2m12:58:38[22m [36m[1m[vite][22m[39m [90m[2m(client)[22m[39m [32mhmr update [39m[2m/src/views/KnowledgeView.vue, /src/views/KnowledgeView.vue?vue&type=style&index=0&scoped=8035530d&lang.css[22m
[2m12:59:53[22m [36m[1m[vite][22m[39m [90m[2m(client)[22m[39m [32mhmr update [39m[2m/src/features/knowledge/KnowledgeCardDetailDialog.vue[22m
[2m14:23:09[22m [36m[1m[vite][22m[39m [90m[2m(client)[22m[39m [32mhmr update [39m[2m/src/views/KnowledgeView.vue[22m
[2m16:40:15[22m [36m[1m[vite][22m[39m [90m[2m(client)[22m[39m [32mhmr update [39m[2m/src/components/WorkspaceShell.vue[22m
[2m16:54:12[22m [36m[1m[vite][22m[39m [90m[2m(client)[22m[39m [32mhmr update [39m[2m/src/features/knowledge/KnowledgeCodeReferenceSelector.vue, /src/features/knowledge/KnowledgeCodeReferenceSelector.vue?vue&type=style&index=0&scoped=6aacd0ac&lang.css[22m
[2m16:54:14[22m [36m[1m[vite][22m[39m [90m[2m(client)[22m[39m [32mhmr update [39m[2m/src/features/knowledge/KnowledgeCardEditorDialog.vue, /src/features/knowledge/KnowledgeCardEditorDialog.vue?vue&type=style&index=0&scoped=60dda6f8&lang.css[22m
[2m16:57:47[22m [36m[1m[vite][22m[39m [90m[2m(client)[22m[39m [32mhmr update [39m[2m/src/features/knowledge/KnowledgeCodeReferenceSelector.vue, /src/features/knowledge/KnowledgeCodeReferenceSelector.vue?vue&type=style&index=0&scoped=6aacd0ac&lang.css[22m
[2m16:57:47[22m [36m[1m[vite][22m[39m [90m[2m(client)[22m[39m [32mhmr update [39m[2m/src/features/knowledge/KnowledgeCodeReferenceSelector.vue, /src/features/knowledge/KnowledgeCodeReferenceSelector.vue?vue&type=style&index=0&scoped=6aacd0ac&lang.css[22m
[2m16:57:47[22m [36m[1m[vite][22m[39m [90m[2m(client)[22m[39m [32mhmr update [39m[2m/src/features/knowledge/KnowledgeCodeReferenceSelector.vue?vue&type=style&index=0&scoped=6aacd0ac&lang.css[22m
[2m16:57:47[22m [36m[1m[vite][22m[39m [90m[2m(client)[22m[39m [32mhmr update [39m[2m/src/features/knowledge/KnowledgeCardEditorDialog.vue, /src/features/knowledge/KnowledgeCardEditorDialog.vue?vue&type=style&index=0&scoped=60dda6f8&lang.css[22m
[2m16:57:47[22m [36m[1m[vite][22m[39m [90m[2m(client)[22m[39m [32mhmr update [39m[2m/src/features/knowledge/KnowledgeCardEditorDialog.vue, /src/features/knowledge/KnowledgeCardEditorDialog.vue?vue&type=style&index=0&scoped=60dda6f8&lang.css[22m
[2m16:57:49[22m [36m[1m[vite][22m[39m [90m[2m(client)[22m[39m [32mhmr update [39m[2m/src/features/knowledge/KnowledgeCodeReferenceSelector.vue, /src/features/knowledge/KnowledgeCodeReferenceSelector.vue?vue&type=style&index=0&scoped=6aacd0ac&lang.css[22m
[2m16:57:49[22m [36m[1m[vite][22m[39m [90m[2m(client)[22m[39m [32mhmr update [39m[2m/src/features/knowledge/KnowledgeCardEditorDialog.vue, /src/features/knowledge/KnowledgeCardEditorDialog.vue?vue&type=style&index=0&scoped=60dda6f8&lang.css[22m
[2m17:01:53[22m [36m[1m[vite][22m[39m [90m[2m(client)[22m[39m [32mhmr update [39m[2m/src/features/knowledge/KnowledgeCardEditorDialog.vue, /src/features/knowledge/KnowledgeCardEditorDialog.vue?vue&type=style&index=0&scoped=60dda6f8&lang.css[22m
