[2m09:53:41[22m [31m[1m[vite][22m[39m [31m[2m(client)[22m[39m Pre-transform error: [vue/compiler-sfc] Unexpected token, expected "," (19:42)

C:/Users/admin/Desktop/analyzer-coder/frontend/src/features/graph/CallGraphCanvas.vue
17 |  );
18 |  
19 |  interface RenderedEdge extends GraphResult['edges'][number] {
   |                                            ^
20 |    key: string;
21 |    path: string;
  Plugin: [35mvite:vue[39m
  File: [36mC:/Users/admin/Desktop/analyzer-coder/frontend/src/features/graph/CallGraphCanvas.vue[39m:19:42
[33m  17 |  );
  18 |  
  19 |  interface RenderedEdge extends GraphResult['edges'][number] {
     |                    ^
  20 |    key: string;
  21 |    path: string;[39m
[2m09:53:41[22m [31m[1m[vite][22m[39m [31mInternal server error: [vue/compiler-sfc] Unexpected token, expected "," (19:42)

C:/Users/admin/Desktop/analyzer-coder/frontend/src/features/graph/CallGraphCanvas.vue
17 |  );
18 |  
19 |  interface RenderedEdge extends GraphResult['edges'][number] {
   |                                            ^
20 |    key: string;
21 |    path: string;[39m
  Plugin: [35mvite:vue[39m
  File: [36mC:/Users/admin/Desktop/analyzer-coder/frontend/src/features/graph/CallGraphCanvas.vue[39m:19:42
[33m  17 |  );
  18 |  
  19 |  interface RenderedEdge extends GraphResult['edges'][number] {
     |                    ^
  20 |    key: string;
  21 |    path: string;[39m
      at constructor (C:\Users\admin\Desktop\analyzer-coder\frontend\node_modules\@babel\parser\lib\index.js:365:19)
      at TypeScriptParserMixin.raise (C:\Users\admin\Desktop\analyzer-coder\frontend\node_modules\@babel\parser\lib\index.js:6616:19)
      at TypeScriptParserMixin.unexpected (C:\Users\admin\Desktop\analyzer-coder\frontend\node_modules\@babel\parser\lib\index.js:6636:16)
      at TypeScriptParserMixin.expect (C:\Users\admin\Desktop\analyzer-coder\frontend\node_modules\@babel\parser\lib\index.js:6916:12)
      at TypeScriptParserMixin.tsParseDelimitedListWorker (C:\Users\admin\Desktop\analyzer-coder\frontend\node_modules\@babel\parser\lib\index.js:7923:14)
      at TypeScriptParserMixin.tsParseDelimitedList (C:\Users\admin\Desktop\analyzer-coder\frontend\node_modules\@babel\parser\lib\index.js:7900:25)
      at TypeScriptParserMixin.tsParseHeritageClause (C:\Users\admin\Desktop\analyzer-coder\frontend\node_modules\@babel\parser\lib\index.js:8746:32)
      at TypeScriptParserMixin.tsParseInterfaceDeclaration (C:\Users\admin\Desktop\analyzer-coder\frontend\node_modules\@babel\parser\lib\index.js:8774:27)
      at TypeScriptParserMixin.parseStatementContent (C:\Users\admin\Desktop\analyzer-coder\frontend\node_modules\@babel\parser\lib\index.js:9492:33)
      at TypeScriptParserMixin.parseStatementLike (C:\Users\admin\Desktop\analyzer-coder\frontend\node_modules\@babel\parser\lib\index.js:12784:17)
[2m16:57:47[22m [31m[1m[vite][22m[39m [31mInternal server error: Element is missing end tag.[39m
      at createCompilerError (C:\Users\admin\Desktop\analyzer-coder\frontend\node_modules\@vue\compiler-core\dist\compiler-core.cjs.js:1378:17)
      at emitError (C:\Users\admin\Desktop\analyzer-coder\frontend\node_modules\@vue\compiler-core\dist\compiler-core.cjs.js:3035:5)
      at Object.onend (C:\Users\admin\Desktop\analyzer-coder\frontend\node_modules\@vue\compiler-core\dist\compiler-core.cjs.js:2637:7)
      at Tokenizer.finish (C:\Users\admin\Desktop\analyzer-coder\frontend\node_modules\@vue\compiler-core\dist\compiler-core.cjs.js:1246:14)
      at Tokenizer.parse (C:\Users\admin\Desktop\analyzer-coder\frontend\node_modules\@vue\compiler-core\dist\compiler-core.cjs.js:1224:10)
      at Object.baseParse (C:\Users\admin\Desktop\analyzer-coder\frontend\node_modules\@vue\compiler-core\dist\compiler-core.cjs.js:3074:13)
      at Object.parse (C:\Users\admin\Desktop\analyzer-coder\frontend\node_modules\@vue\compiler-dom\dist\compiler-dom.cjs.js:910:23)
      at Object.parse$1 [as parse] (C:\Users\admin\Desktop\analyzer-coder\frontend\node_modules\@vue\compiler-sfc\dist\compiler-sfc.cjs.js:1824:24)
      at createDescriptor (file:///C:/Users/admin/Desktop/analyzer-coder/frontend/node_modules/@vitejs/plugin-vue/dist/index.mjs:71:43)
      at handleHotUpdate (file:///C:/Users/admin/Desktop/analyzer-coder/frontend/node_modules/@vitejs/plugin-vue/dist/index.mjs:2198:26)
[2m16:57:47[22m [31m[1m[vite][22m[39m [31mInternal server error: Unexpected EOF in tag.[39m
  Plugin: [35mvite:vue[39m
  File: [36mC:/Users/admin/Desktop/analyzer-coder/frontend/src/features/knowledge/KnowledgeCardEditorDialog.vue[39m:81:50
      at createCompilerError (C:\Users\admin\Desktop\analyzer-coder\frontend\node_modules\@vue\compiler-core\dist\compiler-core.cjs.js:1378:17)
      at emitError (C:\Users\admin\Desktop\analyzer-coder\frontend\node_modules\@vue\compiler-core\dist\compiler-core.cjs.js:3035:5)
      at Object.onend (C:\Users\admin\Desktop\analyzer-coder\frontend\node_modules\@vue\compiler-core\dist\compiler-core.cjs.js:2631:11)
      at Tokenizer.finish (C:\Users\admin\Desktop\analyzer-coder\frontend\node_modules\@vue\compiler-core\dist\compiler-core.cjs.js:1246:14)
      at Tokenizer.parse (C:\Users\admin\Desktop\analyzer-coder\frontend\node_modules\@vue\compiler-core\dist\compiler-core.cjs.js:1224:10)
      at Object.baseParse (C:\Users\admin\Desktop\analyzer-coder\frontend\node_modules\@vue\compiler-core\dist\compiler-core.cjs.js:3074:13)
      at Object.parse (C:\Users\admin\Desktop\analyzer-coder\frontend\node_modules\@vue\compiler-dom\dist\compiler-dom.cjs.js:910:23)
      at Object.parse$1 [as parse] (C:\Users\admin\Desktop\analyzer-coder\frontend\node_modules\@vue\compiler-sfc\dist\compiler-sfc.cjs.js:1824:24)
      at createDescriptor (file:///C:/Users/admin/Desktop/analyzer-coder/frontend/node_modules/@vitejs/plugin-vue/dist/index.mjs:71:43)
      at transformMain (file:///C:/Users/admin/Desktop/analyzer-coder/frontend/node_modules/@vitejs/plugin-vue/dist/index.mjs:2421:34)
