Active code page: 65001
[INFO] Scanning for projects...
[INFO] 
[INFO] ------------< com.analyzercoder:codebase-knowledge-backend >------------
[INFO] Building codebase-knowledge-backend 1.0.0
[INFO]   from pom.xml
[INFO] --------------------------------[ jar ]---------------------------------
[INFO] 
[INFO] >>> spring-boot:3.5.16:run (default-cli) > test-compile @ codebase-knowledge-backend >>>
[INFO] 
[INFO] --- resources:3.3.1:resources (default-resources) @ codebase-knowledge-backend ---
[INFO] Copying 1 resource from src\main\resources to target\classes
[INFO] Copying 17 resources from src\main\resources to target\classes
[INFO] 
[INFO] --- compiler:3.14.1:compile (default-compile) @ codebase-knowledge-backend ---
[INFO] Nothing to compile - all classes are up to date.
[INFO] 
[INFO] --- resources:3.3.1:testResources (default-testResources) @ codebase-knowledge-backend ---
[INFO] skip non existing resourceDirectory C:\Users\admin\Desktop\analyzer-coder\backend\src\test\resources
[INFO] 
[INFO] --- compiler:3.14.1:testCompile (default-testCompile) @ codebase-knowledge-backend ---
[INFO] Nothing to compile - all classes are up to date.
[INFO] 
[INFO] <<< spring-boot:3.5.16:run (default-cli) < test-compile @ codebase-knowledge-backend <<<
[INFO] 
[INFO] 
[INFO] --- spring-boot:3.5.16:run (default-cli) @ codebase-knowledge-backend ---
[INFO] Attaching agents: []

  .   ____          _            __ _ _
 /\\ / ___'_ __ _ _(_)_ __  __ _ \ \ \ \
( ( )\___ | '_ | '_| | '_ \/ _` | \ \ \ \
 \\/  ___)| |_)| | | | | || (_| |  ) ) ) )
  '  |____| .__|_| |_|_| |_\__, | / / / /
 =========|_|==============|___/=/_/_/_/

 :: Spring Boot ::               (v3.5.16)

2026-08-12T23:17:10.903+08:00  INFO 20748 --- [codebase-knowledge-backend] [           main] c.a.CodebaseKnowledgeApplication         : Starting CodebaseKnowledgeApplication using Java 17.0.13 with PID 20748 (C:\Users\admin\Desktop\analyzer-coder\backend\target\classes started by admin in C:\Users\admin\Desktop\analyzer-coder\backend)
2026-08-12T23:17:10.908+08:00  INFO 20748 --- [codebase-knowledge-backend] [           main] c.a.CodebaseKnowledgeApplication         : No active profile set, falling back to 1 default profile: "default"
2026-08-12T23:17:13.501+08:00  INFO 20748 --- [codebase-knowledge-backend] [           main] o.s.b.w.embedded.tomcat.TomcatWebServer  : Tomcat initialized with port 8080 (http)
2026-08-12T23:17:13.567+08:00  INFO 20748 --- [codebase-knowledge-backend] [           main] o.apache.catalina.core.StandardService   : Starting service [Tomcat]
2026-08-12T23:17:13.567+08:00  INFO 20748 --- [codebase-knowledge-backend] [           main] o.apache.catalina.core.StandardEngine    : Starting Servlet engine: [Apache Tomcat/10.1.55]
2026-08-12T23:17:13.633+08:00  INFO 20748 --- [codebase-knowledge-backend] [           main] o.a.c.c.C.[Tomcat].[localhost].[/]       : Initializing Spring embedded WebApplicationContext
2026-08-12T23:17:13.636+08:00  INFO 20748 --- [codebase-knowledge-backend] [           main] w.s.c.ServletWebServerApplicationContext : Root WebApplicationContext: initialization completed in 2609 ms
2026-08-12T23:17:14.141+08:00  INFO 20748 --- [codebase-knowledge-backend] [           main] com.zaxxer.hikari.HikariDataSource       : HikariPool-1 - Starting...
2026-08-12T23:17:14.358+08:00  INFO 20748 --- [codebase-knowledge-backend] [           main] com.zaxxer.hikari.pool.HikariPool        : HikariPool-1 - Added connection org.postgresql.jdbc.PgConnection@4fbaa7f5
2026-08-12T23:17:14.360+08:00  INFO 20748 --- [codebase-knowledge-backend] [           main] com.zaxxer.hikari.HikariDataSource       : HikariPool-1 - Start completed.
2026-08-12T23:17:14.390+08:00  INFO 20748 --- [codebase-knowledge-backend] [           main] org.flywaydb.core.FlywayExecutor         : Database: jdbc:postgresql://localhost:5432/codebase_kb_dev (PostgreSQL 17.10)
2026-08-12T23:17:14.453+08:00  INFO 20748 --- [codebase-knowledge-backend] [           main] o.f.core.internal.command.DbValidate     : Successfully validated 1 migration (execution time 00:00.033s)
2026-08-12T23:17:14.497+08:00  INFO 20748 --- [codebase-knowledge-backend] [           main] o.f.core.internal.command.DbMigrate      : Current version of schema "public": 1
2026-08-12T23:17:14.500+08:00  INFO 20748 --- [codebase-knowledge-backend] [           main] o.f.core.internal.command.DbMigrate      : Schema "public" is up to date. No migration necessary.
2026-08-12T23:17:15.998+08:00  INFO 20748 --- [codebase-knowledge-backend] [           main] o.s.b.a.e.web.EndpointLinksResolver      : Exposing 3 endpoints beneath base path '/actuator'
2026-08-12T23:17:16.078+08:00  INFO 20748 --- [codebase-knowledge-backend] [           main] o.s.b.w.embedded.tomcat.TomcatWebServer  : Tomcat started on port 8080 (http) with context path '/'
2026-08-12T23:17:16.112+08:00  INFO 20748 --- [codebase-knowledge-backend] [           main] c.a.CodebaseKnowledgeApplication         : Started CodebaseKnowledgeApplication in 6.126 seconds (process running for 6.564)
2026-08-12T23:17:17.056+08:00  INFO 20748 --- [codebase-knowledge-backend] [nio-8080-exec-1] o.a.c.c.C.[Tomcat].[localhost].[/]       : Initializing Spring DispatcherServlet 'dispatcherServlet'
2026-08-12T23:17:17.057+08:00  INFO 20748 --- [codebase-knowledge-backend] [nio-8080-exec-1] o.s.web.servlet.DispatcherServlet        : Initializing Servlet 'dispatcherServlet'
2026-08-12T23:17:17.059+08:00  INFO 20748 --- [codebase-knowledge-backend] [nio-8080-exec-1] o.s.web.servlet.DispatcherServlet        : Completed initialization in 1 ms
[INFO] ------------------------------------------------------------------------
[INFO] BUILD FAILURE
[INFO] ------------------------------------------------------------------------
[INFO] Total time:  43:09 min
[INFO] Finished at: 2026-08-13T00:00:15+08:00
[INFO] ------------------------------------------------------------------------
[ERROR] Failed to execute goal org.springframework.boot:spring-boot-maven-plugin:3.5.16:run (default-cli) on project codebase-knowledge-backend: Process terminated with exit code: -1 -> [Help 1]
[ERROR] 
[ERROR] To see the full stack trace of the errors, re-run Maven with the -e switch.
[ERROR] Re-run Maven using the -X switch to enable full debug logging.
[ERROR] 
[ERROR] For more information about the errors and possible solutions, please read the following articles:
[ERROR] [Help 1] http://cwiki.apache.org/confluence/display/MAVEN/MojoExecutionException
