[2m22:11:51[22m [31m[1m[vite][22m[39m [31m[2m(client)[22m[39m Pre-transform error: Failed to resolve import "highlight.js/lib/common" from "src/components/CodePreview.vue". Does the file exist?
  Plugin: [35mvite:import-analysis[39m
  File: [36mC:/Users/admin/Desktop/analyzer-coder/frontend/src/components/CodePreview.vue[39m:3:17
[33m  1  |  import { defineComponent as _defineComponent } from "vue";
  2  |  import { computed } from "vue";
  3  |  import hljs from "highlight.js/lib/common";
     |                    ^
  4  |  import EmptyState from "@/components/EmptyState.vue";
  5  |  const _sfc_main = /* @__PURE__ */ _defineComponent({[39m
[2m22:24:17[22m [31m[1m[vite][22m[39m [31mInternal server error: Failed to resolve import "highlight.js/lib/common" from "src/components/CodePreview.vue". Does the file exist?[39m
  Plugin: [35mvite:import-analysis[39m
  File: [36mC:/Users/admin/Desktop/analyzer-coder/frontend/src/components/CodePreview.vue[39m:3:17
[33m  1  |  import { defineComponent as _defineComponent } from "vue";
  2  |  import { computed } from "vue";
  3  |  import hljs from "highlight.js/lib/common";
     |                    ^
  4  |  import EmptyState from "@/components/EmptyState.vue";
  5  |  const _sfc_main = /* @__PURE__ */ _defineComponent({[39m
      at TransformPluginContext._formatLog (file:///C:/Users/admin/Desktop/analyzer-coder/frontend/node_modules/vite/dist/node/chunks/dep-Dm0c1Wj2.js:42658:41)
      at TransformPluginContext.error (file:///C:/Users/admin/Desktop/analyzer-coder/frontend/node_modules/vite/dist/node/chunks/dep-Dm0c1Wj2.js:42655:16)
      at normalizeUrl (file:///C:/Users/admin/Desktop/analyzer-coder/frontend/node_modules/vite/dist/node/chunks/dep-Dm0c1Wj2.js:40634:23)
      at process.processTicksAndRejections (node:internal/process/task_queues:105:5)
      at async file:///C:/Users/admin/Desktop/analyzer-coder/frontend/node_modules/vite/dist/node/chunks/dep-Dm0c1Wj2.js:40753:37
      at async Promise.all (index 2)
      at async TransformPluginContext.transform (file:///C:/Users/admin/Desktop/analyzer-coder/frontend/node_modules/vite/dist/node/chunks/dep-Dm0c1Wj2.js:40680:7)
      at async EnvironmentPluginContainer.transform (file:///C:/Users/admin/Desktop/analyzer-coder/frontend/node_modules/vite/dist/node/chunks/dep-Dm0c1Wj2.js:42453:18)
      at async loadAndTransform (file:///C:/Users/admin/Desktop/analyzer-coder/frontend/node_modules/vite/dist/node/chunks/dep-Dm0c1Wj2.js:35845:27)
      at async viteTransformMiddleware (file:///C:/Users/admin/Desktop/analyzer-coder/frontend/node_modules/vite/dist/node/chunks/dep-Dm0c1Wj2.js:37369:24)
