Active code page: 65001

> codebase-knowledge-frontend@0.1.0 dev
> vite --host 127.0.0.1 --port 5173

Port 5173 is in use, trying another one...
Port 5174 is in use, trying another one...

  [32m[1mVITE[22m v6.4.3[39m  [2mready in [0m[1m2629[22m[2m[0m ms[22m

  [32m➜[39m  [1mLocal[22m:   [36mhttp://127.0.0.1:[1m5175[22m/[39m
[2m[32m  ➜[39m[22m[2m  press [22m[1mh + enter[22m[2m to show help[22m
[2m22:10:05[22m [36m[1m[vite][22m[39m [90m[2m(client)[22m[39m [32mhmr update [39m[2m/src/views/UnifiedIndexJobsView.vue, /src/views/ChunksM0View.vue, /src/views/AskView.vue, /src/views/GraphView.vue, /src/views/RepositoriesM0View.vue, /src/components/WorkspaceShell.vue, /src/views/KnowledgeView.vue[22m
[2m22:10:05[22m [36m[1m[vite][22m[39m [90m[2m(client)[22m[39m [32mhmr update [39m[2m/src/styles/design-alignment.css[22m
[2m22:10:05[22m [36m[1m[vite][22m[39m [90m[2m(client)[22m[39m [32mhmr update [39m[2m/src/views/UnifiedIndexJobsView.vue, /src/views/ChunksM0View.vue, /src/views/AskView.vue, /src/views/GraphView.vue, /src/views/RepositoriesM0View.vue, /src/components/WorkspaceShell.vue, /src/views/KnowledgeView.vue[22m
[2m22:10:05[22m [36m[1m[vite][22m[39m [90m[2m(client)[22m[39m [32mhmr update [39m[2m/src/styles/design-alignment.css[22m
[2m22:10:06[22m [36m[1m[vite][22m[39m [90m[2m(client)[22m[39m [32mhmr update [39m[2m/src/components/CodePreview.vue[22m
[2m22:10:06[22m [36m[1m[vite][22m[39m [90m[2m(client)[22m[39m [32mhmr update [39m[2m/src/views/ChunksM0View.vue[22m
[2m22:10:06[22m [36m[1m[vite][22m[39m [90m[2m(client)[22m[39m [32mhmr update [39m[2m/src/components/CodePreview.vue[22m
[2m22:10:06[22m [36m[1m[vite][22m[39m [90m[2m(client)[22m[39m [32mhmr update [39m[2m/src/views/KnowledgeView.vue, /src/views/KnowledgeView.vue?vue&type=style&index=0&scoped=8035530d&lang.css[22m
[2m22:10:06[22m [36m[1m[vite][22m[39m [90m[2m(client)[22m[39m [32mhmr update [39m[2m/src/components/WorkspaceShell.vue[22m
[2m22:10:06[22m [36m[1m[vite][22m[39m [90m[2m(client)[22m[39m [32mhmr update [39m[2m/src/views/ChunksM0View.vue[22m
[2m22:32:34[22m [36m[1m[vite][22m[39m [90m[2m(client)[22m[39m [32m✨ new dependencies optimized: [33mhighlight.js/lib/common[32m[39m
[2m22:32:34[22m [36m[1m[vite][22m[39m [90m[2m(client)[22m[39m [32m✨ optimized dependencies changed. reloading[39m
[2m00:20:55[22m [36m[1m[vite][22m[39m [90m[2m(client)[22m[39m [32mhmr update [39m[2m/src/views/SystemSettingsView.vue[22m
[2m00:20:57[22m [36m[1m[vite][22m[39m [90m[2m(client)[22m[39m [32mhmr update [39m[2m/src/views/SystemSettingsView.vue[22m
[2m00:21:12[22m [36m[1m[vite][22m[39m [90m[2m(client)[22m[39m [32mhmr update [39m[2m/src/views/SystemSettingsView.vue[22m
[2m06:41:22[22m [36m[1m[vite][22m[39m [90m[2m(client)[22m[39m [32mhmr update [39m[2m/src/views/SystemSettingsView.vue[22m
[2m06:52:35[22m [36m[1m[vite][22m[39m [90m[2m(client)[22m[39m [32mhmr update [39m[2m/src/features/accounts/AuditLogPanel.vue, /src/features/accounts/AuditLogPanel.vue?vue&type=style&index=0&scoped=126e99b2&lang.css[22m
[2m06:58:26[22m [36m[1m[vite][22m[39m [90m[2m(client)[22m[39m [32mhmr update [39m[2m/src/features/accounts/AuditLogPanel.vue, /src/features/accounts/AuditLogPanel.vue?vue&type=style&index=0&scoped=126e99b2&lang.css[22m
[2m06:58:29[22m [36m[1m[vite][22m[39m [90m[2m(client)[22m[39m [32mhmr update [39m[2m/src/views/AccountsView.vue?vue&type=style&index=0&scoped=22b7be3a&lang.css[22m
[2m07:00:34[22m [36m[1m[vite][22m[39m [90m[2m(client)[22m[39m [32mhmr update [39m[2m/src/components/AppPagination.vue[22m
[2m07:03:04[22m [36m[1m[vite][22m[39m [90m[2m(client)[22m[39m [32mhmr update [39m[2m/src/components/AppPagination.vue[22m
[2m07:03:08[22m [36m[1m[vite][22m[39m [90m[2m(client)[22m[39m [32mhmr update [39m[2m/src/views/AccountsView.vue[22m
[2m07:03:10[22m [36m[1m[vite][22m[39m [90m[2m(client)[22m[39m [32mhmr update [39m[2m/src/views/RepositoriesM0View.vue[22m
[2m07:03:13[22m [36m[1m[vite][22m[39m [90m[2m(client)[22m[39m [32mhmr update [39m[2m/src/views/UnifiedIndexJobsView.vue[22m
[2m07:03:16[22m [36m[1m[vite][22m[39m [90m[2m(client)[22m[39m [32mhmr update [39m[2m/src/features/accounts/AuditLogPanel.vue[22m
[2m07:44:04[22m [36m[1m[vite][22m[39m [90m[2m(client)[22m[39m [32mhmr update [39m[2m/src/components/CodePreview.vue, /src/features/repositories/RepositoryEditDialog.vue, /src/features/repositories/RepositoryGovernanceDialog.vue, /src/features/repositories/RepositoryVersionCell.vue[22m
[2m07:44:07[22m [36m[1m[vite][22m[39m [90m[2m(client)[22m[39m [32mhmr update [39m[2m/src/views/ChunksM0View.vue, /src/views/RepositoriesM0View.vue, /src/views/UnifiedIndexJobsView.vue, /src/views/AskView.vue, /src/views/GraphView.vue, /src/components/WorkspaceShell.vue, /src/views/KnowledgeView.vue[22m
[2m07:47:22[22m [36m[1m[vite][22m[39m [90m[2m(client)[22m[39m [32mhmr update [39m[2m/src/views/ChunksM0View.vue[22m
[2m07:47:25[22m [36m[1m[vite][22m[39m [90m[2m(client)[22m[39m [32mhmr update [39m[2m/src/views/ChunksM0View.vue[22m
[2m07:48:35[22m [36m[1m[vite][22m[39m [90m[2m(client)[22m[39m [32mhmr update [39m[2m/src/views/ChunksM0View.vue[22m
[2m07:48:38[22m [36m[1m[vite][22m[39m [90m[2m(client)[22m[39m [32mhmr update [39m[2m/src/components/WorkspaceShell.vue[22m
